mode: set
github.com/FluFFka/tarantool-kv-storage/pkg/handler/handler.go:25.52,28.39 3 1
github.com/FluFFka/tarantool-kv-storage/pkg/handler/handler.go:32.2,32.16 1 1
github.com/FluFFka/tarantool-kv-storage/pkg/handler/handler.go:36.2,38.16 3 1
github.com/FluFFka/tarantool-kv-storage/pkg/handler/handler.go:42.2,43.32 2 1
github.com/FluFFka/tarantool-kv-storage/pkg/handler/handler.go:28.39,31.3 2 1
github.com/FluFFka/tarantool-kv-storage/pkg/handler/handler.go:32.16,35.3 2 1
github.com/FluFFka/tarantool-kv-storage/pkg/handler/handler.go:38.16,41.3 2 0
github.com/FluFFka/tarantool-kv-storage/pkg/handler/handler.go:46.55,49.16 3 1
github.com/FluFFka/tarantool-kv-storage/pkg/handler/handler.go:53.2,54.9 2 1
github.com/FluFFka/tarantool-kv-storage/pkg/handler/handler.go:58.2,58.50 1 1
github.com/FluFFka/tarantool-kv-storage/pkg/handler/handler.go:62.2,63.9 2 1
github.com/FluFFka/tarantool-kv-storage/pkg/handler/handler.go:67.2,68.16 2 1
github.com/FluFFka/tarantool-kv-storage/pkg/handler/handler.go:72.2,73.38 2 1
github.com/FluFFka/tarantool-kv-storage/pkg/handler/handler.go:77.2,77.16 1 1
github.com/FluFFka/tarantool-kv-storage/pkg/handler/handler.go:81.2,82.29 2 1
github.com/FluFFka/tarantool-kv-storage/pkg/handler/handler.go:49.16,52.3 2 1
github.com/FluFFka/tarantool-kv-storage/pkg/handler/handler.go:54.9,57.3 2 1
github.com/FluFFka/tarantool-kv-storage/pkg/handler/handler.go:58.50,61.3 2 1
github.com/FluFFka/tarantool-kv-storage/pkg/handler/handler.go:63.9,66.3 2 1
github.com/FluFFka/tarantool-kv-storage/pkg/handler/handler.go:68.16,71.3 2 0
github.com/FluFFka/tarantool-kv-storage/pkg/handler/handler.go:73.38,76.3 2 1
github.com/FluFFka/tarantool-kv-storage/pkg/handler/handler.go:77.16,80.3 2 1
github.com/FluFFka/tarantool-kv-storage/pkg/handler/handler.go:85.55,88.39 3 1
github.com/FluFFka/tarantool-kv-storage/pkg/handler/handler.go:92.2,92.16 1 1
github.com/FluFFka/tarantool-kv-storage/pkg/handler/handler.go:96.2,97.27 2 1
github.com/FluFFka/tarantool-kv-storage/pkg/handler/handler.go:88.39,91.3 2 1
github.com/FluFFka/tarantool-kv-storage/pkg/handler/handler.go:92.16,95.3 2 1
github.com/FluFFka/tarantool-kv-storage/pkg/handler/handler.go:100.55,104.16 4 1
github.com/FluFFka/tarantool-kv-storage/pkg/handler/handler.go:108.2,109.9 2 1
github.com/FluFFka/tarantool-kv-storage/pkg/handler/handler.go:113.2,114.16 2 1
github.com/FluFFka/tarantool-kv-storage/pkg/handler/handler.go:118.2,119.39 2 1
github.com/FluFFka/tarantool-kv-storage/pkg/handler/handler.go:123.2,123.16 1 1
github.com/FluFFka/tarantool-kv-storage/pkg/handler/handler.go:127.2,128.27 2 1
github.com/FluFFka/tarantool-kv-storage/pkg/handler/handler.go:104.16,107.3 2 1
github.com/FluFFka/tarantool-kv-storage/pkg/handler/handler.go:109.9,112.3 2 1
github.com/FluFFka/tarantool-kv-storage/pkg/handler/handler.go:114.16,117.3 2 0
github.com/FluFFka/tarantool-kv-storage/pkg/handler/handler.go:119.39,122.3 2 1
github.com/FluFFka/tarantool-kv-storage/pkg/handler/handler.go:123.16,126.3 2 1
github.com/FluFFka/tarantool-kv-storage/pkg/handler/handler.go:131.48,134.2 2 0
github.com/FluFFka/tarantool-kv-storage/pkg/handler/handler_mock.go:25.83,29.2 3 1
github.com/FluFFka/tarantool-kv-storage/pkg/handler/handler_mock.go:32.81,34.2 1 1
github.com/FluFFka/tarantool-kv-storage/pkg/handler/handler_mock.go:37.72,42.2 4 1
github.com/FluFFka/tarantool-kv-storage/pkg/handler/handler_mock.go:45.97,48.2 2 1
github.com/FluFFka/tarantool-kv-storage/pkg/handler/handler_mock.go:51.66,56.2 4 1
github.com/FluFFka/tarantool-kv-storage/pkg/handler/handler_mock.go:59.91,62.2 2 1
github.com/FluFFka/tarantool-kv-storage/pkg/handler/handler_mock.go:65.73,71.2 5 1
github.com/FluFFka/tarantool-kv-storage/pkg/handler/handler_mock.go:74.88,77.2 2 1
github.com/FluFFka/tarantool-kv-storage/pkg/handler/handler_mock.go:80.72,85.2 4 1
github.com/FluFFka/tarantool-kv-storage/pkg/handler/handler_mock.go:88.97,91.2 2 1
